2025-09-21 23:25:06,040 - INFO - kim moved down to (1, 0)
2025-09-21 23:26:24,335 - INFO - kim moved right to (1, 1)
2025-09-21 23:26:32,712 - INFO - kim moved down to (2, 1)
2025-09-21 23:26:41,537 - INFO - kim moved left to (2, 0)
2025-09-21 23:26:43,270 - INFO - kim moved down to (3, 0)
2025-09-21 23:26:55,026 - INFO - kim moved attack to (3, 0)
2025-09-21 23:27:01,129 - INFO - Ability used: heal
2025-09-21 23:27:06,521 - INFO - kim moved up to (2, 0)
2025-09-21 23:27:08,716 - INFO - kim moved right to (2, 1)
2025-09-21 23:27:11,057 - INFO - kim moved right to (2, 2)
2025-09-21 23:27:14,670 - INFO - kim moved down to (3, 2)
2025-09-21 23:27:16,354 - INFO - kim moved down to (4, 2)
2025-09-21 23:27:21,990 - INFO - kim moved attack to (4, 2)
2025-09-21 23:27:28,214 - INFO - kim moved right to (4, 3)
2025-09-21 23:27:29,661 - INFO - kim moved up to (3, 3)
2025-09-21 23:27:33,345 - INFO - kim moved attack to (3, 3)
2025-09-21 23:27:42,737 - INFO - Ability used: heal
2025-09-21 23:27:48,393 - INFO - kim moved left to (3, 2)
2025-09-21 23:27:51,745 - INFO - kim moved left to (3, 1)
2025-09-21 23:27:54,662 - INFO - kim moved left to (3, 0)
2025-09-21 23:27:58,300 - INFO - kim moved left to (3, 0)
2025-09-21 23:30:37,441 - INFO - kim moved down to (1, 0)
2025-09-21 23:30:51,706 - WARNING - kim died during battle
2025-09-21 23:30:53,079 - INFO - Ability used: heal
2025-09-21 23:30:56,846 - INFO - kim moved down to (2, 0)
2025-09-21 23:30:58,509 - INFO - kim moved down to (3, 0)
2025-09-21 23:31:00,650 - INFO - kim moved right to (3, 1)
2025-09-21 23:31:06,278 - INFO - kim moved attaheal to (3, 1)
2025-09-21 23:35:04,849 - INFO - kim moved down to (1, 0)
2025-09-21 23:35:09,912 - INFO - Ability used: heal
2025-09-21 23:35:11,503 - INFO - kim moved right to (1, 1)
2025-09-21 23:35:14,401 - INFO - kim moved right to (1, 2)
2025-09-21 23:35:18,122 - INFO - kim moved right to (1, 3)
2025-09-21 23:35:20,893 - INFO - kim moved down to (2, 3)
